
> controle-financeiro@0.0.0 build
> tsc -b && vite build

[36mvite v7.3.0 [32mbuilding client environment for production...[36m[39m
transforming...
[32mÔ£ô[39m 3616 modules transformed.
node.exe : [31mÔ£ù[39m Build failed in 
7.75s
No C:\Program Files\nodejs\npm.ps1:29 
caractere:3
+   & $NODE_EXE $NPM_CLI_JS $args
+   ~~~~~~~~~~~~~~~~~~~~~~~~~~~~~
    + CategoryInfo          : NotSpecifi 
   ed: ([31mÔ£ù[39m Build failed in 7  
  .75s:String) [], RemoteException
    + FullyQualifiedErrorId : NativeComm 
   andError
 
[31merror during build:
[31mCould not resolve entry module 
"@radix-ui/react-tabs".[31m
    at getRollupError (file:///C:/Users/r
odap/Documents/GitHub/Controle-Financas/n
ode_modules/rollup/dist/es/shared/parseAs
t.js:401:41)
    at error (file:///C:/Users/rodap/Docu
ments/GitHub/Controle-Financas/node_modul
es/rollup/dist/es/shared/parseAst.js:397:
42)
    at ModuleLoader.loadEntryModule (file
:///C:/Users/rodap/Documents/GitHub/Contr
ole-Financas/node_modules/rollup/dist/es/
shared/node-entry.js:21682:20)
    at async Promise.all (index 6)
    at async Promise.all (index 0)[39m
